
> frontend_project@1.0.0 build
> next build

  ▲ Next.js 14.2.35

   Creating an optimized production build ...
<w> [webpack.cache.PackFileCacheStrategy/webpack.FileSystemInfo] Managed item /Users/pranshu./node_modules/next isn't a directory or doesn't contain a package.json (see snapshot.managedPaths option)
<w> [webpack.cache.PackFileCacheStrategy/webpack.FileSystemInfo] Managed item /Users/pranshu./node_modules/next isn't a directory or doesn't contain a package.json (see snapshot.managedPaths option)
<w> [webpack.cache.PackFileCacheStrategy/webpack.FileSystemInfo] Managed item /Users/pranshu./node_modules/next isn't a directory or doesn't contain a package.json (see snapshot.managedPaths option)
Failed to compile.

./src/app/globals.css.webpack[javascript/auto]!=!./node_modules/next/dist/build/webpack/loaders/css-loader/src/index.js??ruleSet[1].rules[14].oneOf[12].use[2]!./node_modules/next/dist/build/webpack/loaders/postcss-loader/src/index.js??ruleSet[1].rules[14].oneOf[12].use[3]!./src/app/globals.css
Error: It looks like you're trying to use `tailwindcss` directly as a PostCSS plugin. The PostCSS plugin has moved to a separate package, so to continue using Tailwind CSS with PostCSS you'll need to install `@tailwindcss/postcss` and update your PostCSS configuration.
    at at (/Users/pranshu./Documents/frontend_project/Frontend_Project/node_modules/tailwindcss/dist/lib.js:38:1643)
    at LazyResult.runOnRoot (/Users/pranshu./Documents/frontend_project/Frontend_Project/node_modules/next/node_modules/postcss/lib/lazy-result.js:329:16)
    at LazyResult.runAsync (/Users/pranshu./Documents/frontend_project/Frontend_Project/node_modules/next/node_modules/postcss/lib/lazy-result.js:258:26)
    at LazyResult.async (/Users/pranshu./Documents/frontend_project/Frontend_Project/node_modules/next/node_modules/postcss/lib/lazy-result.js:160:30)
    at LazyResult.then (/Users/pranshu./Documents/frontend_project/Frontend_Project/node_modules/next/node_modules/postcss/lib/lazy-result.js:404:17)
    at async Span.traceAsyncFn (/Users/pranshu./Documents/frontend_project/Frontend_Project/node_modules/next/dist/trace/trace.js:154:20)
    at async /Users/pranshu./Documents/frontend_project/Frontend_Project/node_modules/next/dist/build/webpack/loaders/postcss-loader/src/index.js:54:22
    at async Span.traceAsyncFn (/Users/pranshu./Documents/frontend_project/Frontend_Project/node_modules/next/dist/trace/trace.js:154:20)

Import trace for requested module:
./src/app/globals.css.webpack[javascript/auto]!=!./node_modules/next/dist/build/webpack/loaders/css-loader/src/index.js??ruleSet[1].rules[14].oneOf[12].use[2]!./node_modules/next/dist/build/webpack/loaders/postcss-loader/src/index.js??ruleSet[1].rules[14].oneOf[12].use[3]!./src/app/globals.css
./src/app/globals.css

./src/app/globals.css
Error: It looks like you're trying to use `tailwindcss` directly as a PostCSS plugin. The PostCSS plugin has moved to a separate package, so to continue using Tailwind CSS with PostCSS you'll need to install `@tailwindcss/postcss` and update your PostCSS configuration.
    at at (/Users/pranshu./Documents/frontend_project/Frontend_Project/node_modules/tailwindcss/dist/lib.js:38:1643)
    at LazyResult.runOnRoot (/Users/pranshu./Documents/frontend_project/Frontend_Project/node_modules/next/node_modules/postcss/lib/lazy-result.js:329:16)
    at LazyResult.runAsync (/Users/pranshu./Documents/frontend_project/Frontend_Project/node_modules/next/node_modules/postcss/lib/lazy-result.js:258:26)
    at LazyResult.async (/Users/pranshu./Documents/frontend_project/Frontend_Project/node_modules/next/node_modules/postcss/lib/lazy-result.js:160:30)
    at LazyResult.then (/Users/pranshu./Documents/frontend_project/Frontend_Project/node_modules/next/node_modules/postcss/lib/lazy-result.js:404:17)
    at async Span.traceAsyncFn (/Users/pranshu./Documents/frontend_project/Frontend_Project/node_modules/next/dist/trace/trace.js:154:20)
    at async /Users/pranshu./Documents/frontend_project/Frontend_Project/node_modules/next/dist/build/webpack/loaders/postcss-loader/src/index.js:54:22
    at async Span.traceAsyncFn (/Users/pranshu./Documents/frontend_project/Frontend_Project/node_modules/next/dist/trace/trace.js:154:20)
    at tryRunOrWebpackError (/Users/pranshu./Documents/frontend_project/Frontend_Project/node_modules/next/dist/compiled/webpack/bundle5.js:28:312989)
    at __webpack_require_module__ (/Users/pranshu./Documents/frontend_project/Frontend_Project/node_modules/next/dist/compiled/webpack/bundle5.js:28:131165)
    at __nested_webpack_require_153728__ (/Users/pranshu./Documents/frontend_project/Frontend_Project/node_modules/next/dist/compiled/webpack/bundle5.js:28:130607)
    at /Users/pranshu./Documents/frontend_project/Frontend_Project/node_modules/next/dist/compiled/webpack/bundle5.js:28:131454
    at symbolIterator (/Users/pranshu./Documents/frontend_project/Frontend_Project/node_modules/next/dist/compiled/neo-async/async.js:1:14444)
    at done (/Users/pranshu./Documents/frontend_project/Frontend_Project/node_modules/next/dist/compiled/neo-async/async.js:1:14824)
    at Hook.eval [as callAsync] (eval at create (/Users/pranshu./Documents/frontend_project/Frontend_Project/node_modules/next/dist/compiled/webpack/bundle5.js:13:28858), <anonymous>:15:1)
    at Hook.CALL_ASYNC_DELEGATE [as _callAsync] (/Users/pranshu./Documents/frontend_project/Frontend_Project/node_modules/next/dist/compiled/webpack/bundle5.js:13:26012)
    at /Users/pranshu./Documents/frontend_project/Frontend_Project/node_modules/next/dist/compiled/webpack/bundle5.js:28:130328
    at symbolIterator (/Users/pranshu./Documents/frontend_project/Frontend_Project/node_modules/next/dist/compiled/neo-async/async.js:1:14402)
-- inner error --
Error: It looks like you're trying to use `tailwindcss` directly as a PostCSS plugin. The PostCSS plugin has moved to a separate package, so to continue using Tailwind CSS with PostCSS you'll need to install `@tailwindcss/postcss` and update your PostCSS configuration.
    at at (/Users/pranshu./Documents/frontend_project/Frontend_Project/node_modules/tailwindcss/dist/lib.js:38:1643)
    at LazyResult.runOnRoot (/Users/pranshu./Documents/frontend_project/Frontend_Project/node_modules/next/node_modules/postcss/lib/lazy-result.js:329:16)
    at LazyResult.runAsync (/Users/pranshu./Documents/frontend_project/Frontend_Project/node_modules/next/node_modules/postcss/lib/lazy-result.js:258:26)
    at LazyResult.async (/Users/pranshu./Documents/frontend_project/Frontend_Project/node_modules/next/node_modules/postcss/lib/lazy-result.js:160:30)
    at LazyResult.then (/Users/pranshu./Documents/frontend_project/Frontend_Project/node_modules/next/node_modules/postcss/lib/lazy-result.js:404:17)
    at async Span.traceAsyncFn (/Users/pranshu./Documents/frontend_project/Frontend_Project/node_modules/next/dist/trace/trace.js:154:20)
    at async /Users/pranshu./Documents/frontend_project/Frontend_Project/node_modules/next/dist/build/webpack/loaders/postcss-loader/src/index.js:54:22
    at async Span.traceAsyncFn (/Users/pranshu./Documents/frontend_project/Frontend_Project/node_modules/next/dist/trace/trace.js:154:20)
    at Object.<anonymous> (/Users/pranshu./Documents/frontend_project/Frontend_Project/node_modules/next/dist/build/webpack/loaders/css-loader/src/index.js??ruleSet[1].rules[14].oneOf[12].use[2]!/Users/pranshu./Documents/frontend_project/Frontend_Project/node_modules/next/dist/build/webpack/loaders/postcss-loader/src/index.js??ruleSet[1].rules[14].oneOf[12].use[3]!/Users/pranshu./Documents/frontend_project/Frontend_Project/src/app/globals.css:1:7)
    at /Users/pranshu./Documents/frontend_project/Frontend_Project/node_modules/next/dist/compiled/webpack/bundle5.js:28:922493
    at Hook.eval [as call] (eval at create (/Users/pranshu./Documents/frontend_project/Frontend_Project/node_modules/next/dist/compiled/webpack/bundle5.js:13:28636), <anonymous>:7:1)
    at Hook.CALL_DELEGATE [as _call] (/Users/pranshu./Documents/frontend_project/Frontend_Project/node_modules/next/dist/compiled/webpack/bundle5.js:13:25906)
    at /Users/pranshu./Documents/frontend_project/Frontend_Project/node_modules/next/dist/compiled/webpack/bundle5.js:28:131198
    at tryRunOrWebpackError (/Users/pranshu./Documents/frontend_project/Frontend_Project/node_modules/next/dist/compiled/webpack/bundle5.js:28:312943)
    at __webpack_require_module__ (/Users/pranshu./Documents/frontend_project/Frontend_Project/node_modules/next/dist/compiled/webpack/bundle5.js:28:131165)
    at __nested_webpack_require_153728__ (/Users/pranshu./Documents/frontend_project/Frontend_Project/node_modules/next/dist/compiled/webpack/bundle5.js:28:130607)
    at /Users/pranshu./Documents/frontend_project/Frontend_Project/node_modules/next/dist/compiled/webpack/bundle5.js:28:131454
    at symbolIterator (/Users/pranshu./Documents/frontend_project/Frontend_Project/node_modules/next/dist/compiled/neo-async/async.js:1:14444)

Generated code for /Users/pranshu./Documents/frontend_project/Frontend_Project/node_modules/next/dist/build/webpack/loaders/css-loader/src/index.js??ruleSet[1].rules[14].oneOf[12].use[2]!/Users/pranshu./Documents/frontend_project/Frontend_Project/node_modules/next/dist/build/webpack/loaders/postcss-loader/src/index.js??ruleSet[1].rules[14].oneOf[12].use[3]!/Users/pranshu./Documents/frontend_project/Frontend_Project/src/app/globals.css

Import trace for requested module:
./src/app/globals.css


> Build failed because of webpack errors
